Dec 10 10:52:50 localhost squid[30855]: Squid Parent: will start 1 kids
Dec 10 10:52:50 localhost squid[30855]: Squid Parent: (squid-1) process 30858 started
Dec 10 11:32:44 localhost auditd[1586]: Audit daemon rotating log files
Dec 10 12:39:49 localhost kernel: squid invoked oom-killer: gfp_mask=0x280da, order=0, oom_adj=0, oom_score_adj=0
Dec 10 12:39:49 localhost kernel: squid cpuset=/ mems_allowed=0
Dec 10 12:39:49 localhost kernel: Pid: 30858, comm: squid Not tainted 2.6.32-279.el6.x86_64 #1
Dec 10 12:39:49 localhost kernel: Call Trace:
Dec 10 12:39:49 localhost kernel: [<ffffffff810c4971>] ? cpuset_print_task_mems_allowed+0x91/0xb0
Dec 10 12:39:49 localhost kernel: [<ffffffff811170e0>] ? dump_header+0x90/0x1b0
Dec 10 12:39:49 localhost kernel: [<ffffffff812146fc>] ? security_real_capable_noaudit+0x3c/0x70
Dec 10 12:39:49 localhost kernel: [<ffffffff81117562>] ? oom_kill_process+0x82/0x2a0
Dec 10 12:39:49 localhost kernel: [<ffffffff811174a1>] ? select_bad_process+0xe1/0x120
Dec 10 12:39:49 localhost kernel: [<ffffffff811179a0>] ? out_of_memory+0x220/0x3c0
Dec 10 12:39:49 localhost kernel: [<ffffffff811276be>] ? __alloc_pages_nodemask+0x89e/0x940
Dec 10 12:39:49 localhost kernel: [<ffffffff8115c2da>] ? alloc_pages_vma+0x9a/0x150
Dec 10 12:39:49 localhost kernel: [<ffffffff8113f83b>] ? handle_pte_fault+0x76b/0xb50
Dec 10 12:39:49 localhost kernel: [<ffffffff81115c90>] ? generic_file_aio_read+0x380/0x700
Dec 10 12:39:49 localhost kernel: [<ffffffff8100ba4e>] ? common_interrupt+0xe/0x13
Dec 10 12:39:49 localhost kernel: [<ffffffff8113fe04>] ? handle_mm_fault+0x1e4/0x2b0
Dec 10 12:39:49 localhost kernel: [<ffffffff81044479>] ? __do_page_fault+0x139/0x480
Dec 10 12:39:49 localhost kernel: [<ffffffff8121fd8b>] ? selinux_file_permission+0xfb/0x150
Dec 10 12:39:49 localhost kernel: [<ffffffff8150326e>] ? do_page_fault+0x3e/0xa0
Dec 10 12:39:49 localhost kernel: [<ffffffff81500625>] ? page_fault+0x25/0x30
Dec 10 12:39:49 localhost kernel: Mem-Info:
Dec 10 12:39:49 localhost kernel: Node 0 DMA per-cpu:
Dec 10 12:39:49 localhost kernel: CPU    0: hi:    0, btch:   1 usd:   0
Dec 10 12:39:49 localhost kernel: CPU    1: hi:    0, btch:   1 usd:   0
Dec 10 12:39:49 localhost kernel: CPU    2: hi:    0, btch:   1 usd:   0
Dec 10 12:39:49 localhost kernel: CPU    3: hi:    0, btch:   1 usd:   0
Dec 10 12:39:49 localhost kernel: Node 0 DMA32 per-cpu:
Dec 10 12:39:49 localhost kernel: CPU    0: hi:  186, btch:  31 usd: 125
Dec 10 12:39:49 localhost kernel: CPU    1: hi:  186, btch:  31 usd: 178
Dec 10 12:39:49 localhost kernel: CPU    2: hi:  186, btch:  31 usd: 182
Dec 10 12:39:49 localhost kernel: CPU    3: hi:  186, btch:  31 usd: 182
Dec 10 12:39:49 localhost kernel: Node 0 Normal per-cpu:
Dec 10 12:39:49 localhost kernel: CPU    0: hi:  186, btch:  31 usd: 176
Dec 10 12:39:49 localhost kernel: CPU    1: hi:  186, btch:  31 usd: 173
Dec 10 12:39:49 localhost kernel: CPU    2: hi:  186, btch:  31 usd: 183
Dec 10 12:39:49 localhost kernel: CPU    3: hi:  186, btch:  31 usd: 164
Dec 10 12:39:49 localhost kernel: active_anon:3525927 inactive_anon:384673 isolated_anon:32
Dec 10 12:39:49 localhost kernel: active_file:1013 inactive_file:1146 isolated_file:0
Dec 10 12:39:49 localhost kernel: unevictable:3155 dirty:795 writeback:0 unstable:0
Dec 10 12:39:49 localhost kernel: free:34345 slab_reclaimable:9925 slab_unreclaimable:49830
Dec 10 12:39:49 localhost kernel: mapped:1402 shmem:29 pagetables:13483 bounce:0
Dec 10 12:39:49 localhost kernel: Node 0 DMA free:15624kB min:60kB low:72kB high:88kB active_anon:0kB inactive_anon:0kB active_file:0kB inactive_file:0kB unevictable:0kB isolated(anon):0kB isolated(file):0kB present:15176kB mlocked:0kB dirty:0kB writeback:0kB mapped:0kB shmem:0kB slab_reclaimable:0kB slab_unreclaimable:0kB kernel_stack:0kB pagetables:0kB unstable:0kB bounce:0kB writeback_tmp:0kB pages_scanned:0 all_unreclaimable? yes
Dec 10 12:39:49 localhost kernel: lowmem_reserve[]: 0 2448 16083 16083
Dec 10 12:39:49 localhost kernel: Node 0 DMA32 free:64732kB min:10280kB low:12848kB high:15420kB active_anon:1629224kB inactive_anon:404456kB active_file:344kB inactive_file:192kB unevictable:0kB isolated(anon):0kB isolated(file):0kB present:2507556kB mlocked:0kB dirty:196kB writeback:0kB mapped:192kB shmem:0kB slab_reclaimable:3128kB slab_unreclaimable:9544kB kernel_stack:0kB pagetables:4728kB unstable:0kB bounce:0kB writeback_tmp:0kB pages_scanned:1248 all_unreclaimable? yes
Dec 10 12:39:49 localhost kernel: lowmem_reserve[]: 0 0 13635 13635
Dec 10 12:39:49 localhost kernel: Node 0 Normal free:57024kB min:57240kB low:71548kB high:85860kB active_anon:12474484kB inactive_anon:1134236kB active_file:3708kB inactive_file:4392kB unevictable:12620kB isolated(anon):128kB isolated(file):0kB present:13962240kB mlocked:4444kB dirty:2984kB writeback:0kB mapped:5416kB shmem:116kB slab_reclaimable:36572kB slab_unreclaimable:189776kB kernel_stack:1584kB pagetables:49204kB unstable:0kB bounce:0kB writeback_tmp:0kB pages_scanned:18304 all_unreclaimable? yes
Dec 10 12:39:49 localhost kernel: lowmem_reserve[]: 0 0 0 0
Dec 10 12:39:49 localhost kernel: Node 0 DMA: 2*4kB 2*8kB 1*16kB 1*32kB 1*64kB 1*128kB 0*256kB 0*512kB 1*1024kB 1*2048kB 3*4096kB = 15624kB
Dec 10 12:39:49 localhost kernel: Node 0 DMA32: 134*4kB 137*8kB 56*16kB 10*32kB 53*64kB 80*128kB 38*256kB 65*512kB 5*1024kB 0*2048kB 0*4096kB = 64608kB
Dec 10 12:39:49 localhost kernel: Node 0 Normal: 2073*4kB 2062*8kB 853*16kB 157*32kB 16*64kB 3*128kB 3*256kB 0*512kB 9*1024kB 1*2048kB 0*4096kB = 56900kB
Dec 10 12:39:49 localhost kernel: 11733 total pagecache pages
Dec 10 12:39:49 localhost kernel: 8957 pages in swap cache
Dec 10 12:39:49 localhost kernel: Swap cache stats: add 21118384, delete 21109427, find 12110273/12422740
Dec 10 12:39:49 localhost kernel: Free swap  = 0kB
Dec 10 12:39:49 localhost kernel: Total swap = 8216568kB
Dec 10 12:39:49 localhost kernel: 4194303 pages RAM
Dec 10 12:39:49 localhost kernel: 121373 pages reserved
Dec 10 12:39:49 localhost kernel: 11781 pages shared
Dec 10 12:39:49 localhost kernel: 4023631 pages non-shared
Dec 10 12:39:49 localhost kernel: [ pid ]   uid  tgid total_vm      rss cpu oom_adj oom_score_adj name
Dec 10 12:39:49 localhost kernel: [  675]     0   675     2902       66   0     -17         -1000 udevd
Dec 10 12:39:49 localhost kernel: [ 1586]     0  1586    23300      162   2     -17         -1000 auditd
Dec 10 12:39:49 localhost kernel: [ 1612]     0  1612    62465     1130   1       0             0 rsyslogd
Dec 10 12:39:49 localhost kernel: [ 1675]    32  1675     4744      137   1       0             0 rpcbind
Dec 10 12:39:49 localhost kernel: [ 1693]    29  1693     5837      175   1       0             0 rpc.statd
Dec 10 12:39:49 localhost kernel: [ 1702]     0  1702     4181     3156   1       0             0 mdmon
Dec 10 12:39:49 localhost kernel: [ 1708]     0  1708     1185      129   1       0             0 mdadm
Dec 10 12:39:49 localhost kernel: [ 1737]     0  1737     5773       60   2       0             0 rpc.idmapd
Dec 10 12:39:49 localhost kernel: [ 1758]     0  1758     3386      156   0       0             0 lldpad
Dec 10 12:39:49 localhost kernel: [ 1791]     0  1791     2087       87   0       0             0 fcoemon
Dec 10 12:39:49 localhost kernel: [ 1822]     0  1822    49571      589   1       0             0 snmpd
Dec 10 12:39:49 localhost kernel: [ 1834]     0  1834    16101      114   1     -17         -1000 sshd
Dec 10 12:39:49 localhost kernel: [ 1930]     0  1930     1016      127   2       0             0 mingetty
Dec 10 12:39:49 localhost kernel: [ 1932]     0  1932     1016      127   2       0             0 mingetty
Dec 10 12:39:49 localhost kernel: [ 1934]     0  1934     1016      127   2       0             0 mingetty
Dec 10 12:39:49 localhost kernel: [ 1936]     0  1936     1016      127   2       0             0 mingetty
Dec 10 12:39:49 localhost kernel: [ 1938]     0  1938     1016      127   2       0             0 mingetty
Dec 10 12:39:49 localhost kernel: [ 1940]     0  1940     1016      127   2       0             0 mingetty
Dec 10 12:39:49 localhost kernel: [ 1946]     0  1946     3099      104   1     -17         -1000 udevd
Dec 10 12:39:49 localhost kernel: [ 1947]     0  1947     3099      104   2     -17         -1000 udevd
Dec 10 12:39:49 localhost kernel: [ 1907]     0  1907    29311      170   0       0             0 crond
Dec 10 12:39:49 localhost kernel: [24976]     0 24976    43899      409   1       0             0 httpd
Dec 10 12:39:49 localhost kernel: [12112]    25 12112   111605    22198   2       0             0 named
Dec 10 12:39:49 localhost kernel: [11426]     0 11426    24540      221   0       0             0 sshd
Dec 10 12:39:49 localhost kernel: [11430]     0 11430    27151      182   0       0             0 bash
Dec 10 12:39:49 localhost kernel: [  716]     0   716    26361      131   0       0             0 less
Dec 10 12:39:49 localhost kernel: [  750]     0   750    26361      131   0       0             0 less
Dec 10 12:39:49 localhost kernel: [  780]     0   780    26361      131   1       0             0 less
Dec 10 12:39:49 localhost kernel: [  864]     0   864    26361      132   0       0             0 less
Dec 10 12:39:49 localhost kernel: [ 5831]     0  5831    26361      132   3       0             0 less
Dec 10 12:39:49 localhost kernel: [ 9406]     0  9406    26361      132   1       0             0 less
Dec 10 12:39:49 localhost kernel: [ 9925]     0  9925    26361      132   0       0             0 less
Dec 10 12:39:49 localhost kernel: [11147]     0 11147    26361      131   0       0             0 less
Dec 10 12:39:49 localhost kernel: [20798]    48 20798    43933      503   2       0             0 httpd
Dec 10 12:39:49 localhost kernel: [20799]    48 20799    43933      677   2       0             0 httpd
Dec 10 12:39:49 localhost kernel: [20800]    48 20800    43933      504   2       0             0 httpd
Dec 10 12:39:49 localhost kernel: [20801]    48 20801    43933      509   0       0             0 httpd
Dec 10 12:39:49 localhost kernel: [20802]    48 20802    43933      504   2       0             0 httpd
Dec 10 12:39:49 localhost kernel: [20803]    48 20803    43933      507   2       0             0 httpd
Dec 10 12:39:49 localhost kernel: [20804]    48 20804    43933      515   2       0             0 httpd
Dec 10 12:39:49 localhost kernel: [20805]    48 20805    43933      515   2       0             0 httpd
Dec 10 12:39:49 localhost kernel: [26658]     0 26658    24540      263   2       0             0 sshd
Dec 10 12:39:49 localhost kernel: [26662]     0 26662    27168      317   1       0             0 bash
Dec 10 12:39:49 localhost kernel: [30855]    23 30855    91957      204   0       0             0 squid
Dec 10 12:39:49 localhost kernel: [30858]    23 30858  6014840  3878011   2       0             0 squid
Dec 10 12:39:49 localhost kernel: [30868]    23 30868     6660      140   0       0             0 log_file_daemon
Dec 10 12:39:49 localhost kernel: [30869]    23 30869     6622      115   1       0             0 unlinkd
Dec 10 12:39:49 localhost kernel: [30897]     0 30897    24538      218   1       0             0 sshd
Dec 10 12:39:49 localhost kernel: [30912]     0 30912    13876      182   0       0             0 sftp-server
Dec 10 12:39:49 localhost kernel: [ 3302]     0  3302    25235      141   1       0             0 tail
Dec 10 12:39:49 localhost kernel: Out of memory: Kill process 30858 (squid) score 954 or sacrifice child
Dec 10 12:39:49 localhost kernel: Killed process 30868, UID 23, (log_file_daemon) total-vm:26640kB, anon-rss:48kB, file-rss:512kB
Dec 10 12:39:49 localhost (squid-1): I don't handle this error well!
Dec 10 12:44:27 localhost squid[30855]: Squid Parent: (squid-1) process 30858 exited due to signal 9 with status 0